// Jest Snapshot v1, https://goo.gl/fbAQLP

exports[`Renders ProsentInput: 0 1`] = `"<FormattedNumberInput />"`;
